1788910860.389690 client started (40410): version 3.7c, socket /tmp/tmux-1000/default, protocol 8
1788910860.389700 on Linux 7.2.2-1-cachyos #1 SMP PREEMPT_DYNAMIC Fri, 28 Aug 2026 17:20:10 +0000
1788910860.389706 using libevent 2.1.13-stable poll
1788910860.389707 using ncurses 6.6 20251230
1788910860.389715 flags are 0x18010000
1788910860.389720 socket is /tmp/tmux-1000/default
1788910860.389724 trying connect
1788910860.389731 connect failed: Connection refused
1788910860.389734 lock file is /tmp/tmux-1000/default.lock
1788910860.389742 flock succeeded
1788910860.389743 got lock (6)
1788910860.389746 trying connect
1788910860.389748 connect failed: Connection refused
1788910860.389843 add peer 0x55cd8583e500: 7 ((nil))
1788910860.390038 sending message 111 to peer 0x55cd8583e500 (8 bytes)
1788910860.390041 sending message 111 to peer 0x55cd8583e500 (8 bytes)
1788910860.390043 sending message 101 to peer 0x55cd8583e500 (10 bytes)
1788910860.390045 sending message 109 to peer 0x55cd8583e500 (4 bytes)
1788910860.390046 sending message 102 to peer 0x55cd8583e500 (11 bytes)
1788910860.390048 sending message 108 to peer 0x55cd8583e500 (27 bytes)
1788910860.390049 sending message 112 to peer 0x55cd8583e500 (58 bytes)
1788910860.390051 sending message 112 to peer 0x55cd8583e500 (5 bytes)
1788910860.390052 sending message 112 to peer 0x55cd8583e500 (5 bytes)
1788910860.390054 sending message 112 to peer 0x55cd8583e500 (6 bytes)
1788910860.390055 sending message 112 to peer 0x55cd8583e500 (6 bytes)
1788910860.390056 sending message 112 to peer 0x55cd8583e500 (11 bytes)
1788910860.390058 sending message 112 to peer 0x55cd8583e500 (10 bytes)
1788910860.390059 sending message 112 to peer 0x55cd8583e500 (13 bytes)
1788910860.390061 sending message 112 to peer 0x55cd8583e500 (14 bytes)
1788910860.390062 sending message 112 to peer 0x55cd8583e500 (19 bytes)
1788910860.390064 sending message 112 to peer 0x55cd8583e500 (11 bytes)
1788910860.390065 sending message 112 to peer 0x55cd8583e500 (10 bytes)
1788910860.390067 sending message 112 to peer 0x55cd8583e500 (15 bytes)
1788910860.390068 sending message 112 to peer 0x55cd8583e500 (21 bytes)
1788910860.390070 sending message 112 to peer 0x55cd8583e500 (13 bytes)
1788910860.390071 sending message 112 to peer 0x55cd8583e500 (7 bytes)
1788910860.390073 sending message 112 to peer 0x55cd8583e500 (13 bytes)
1788910860.390074 sending message 112 to peer 0x55cd8583e500 (7 bytes)
1788910860.390075 sending message 112 to peer 0x55cd8583e500 (13 bytes)
1788910860.390077 sending message 112 to peer 0x55cd8583e500 (9 bytes)
1788910860.390078 sending message 112 to peer 0x55cd8583e500 (21 bytes)
1788910860.390080 sending message 112 to peer 0x55cd8583e500 (13 bytes)
1788910860.390081 sending message 112 to peer 0x55cd8583e500 (9 bytes)
1788910860.390083 sending message 112 to peer 0x55cd8583e500 (16 bytes)
1788910860.390084 sending message 112 to peer 0x55cd8583e500 (13 bytes)
1788910860.390086 sending message 112 to peer 0x55cd8583e500 (9 bytes)
1788910860.390087 sending message 112 to peer 0x55cd8583e500 (9 bytes)
1788910860.390089 sending message 112 to peer 0x55cd8583e500 (12 bytes)
1788910860.390091 sending message 112 to peer 0x55cd8583e500 (8 bytes)
1788910860.390092 sending message 112 to peer 0x55cd8583e500 (8 bytes)
1788910860.390093 sending message 112 to peer 0x55cd8583e500 (13 bytes)
1788910860.390095 sending message 112 to peer 0x55cd8583e500 (7 bytes)
1788910860.390097 sending message 112 to peer 0x55cd8583e500 (7 bytes)
1788910860.390098 sending message 112 to peer 0x55cd8583e500 (9 bytes)
1788910860.390100 sending message 112 to peer 0x55cd8583e500 (6 bytes)
1788910860.390101 sending message 112 to peer 0x55cd8583e500 (9 bytes)
1788910860.390103 sending message 112 to peer 0x55cd8583e500 (15 bytes)
1788910860.390104 sending message 112 to peer 0x55cd8583e500 (13 bytes)
1788910860.390106 sending message 112 to peer 0x55cd8583e500 (12 bytes)
1788910860.390107 sending message 112 to peer 0x55cd8583e500 (8 bytes)
1788910860.390109 sending message 112 to peer 0x55cd8583e500 (14 bytes)
1788910860.390110 sending message 112 to peer 0x55cd8583e500 (11 bytes)
1788910860.390114 sending message 112 to peer 0x55cd8583e500 (9 bytes)
1788910860.390118 sending message 112 to peer 0x55cd8583e500 (10 bytes)
1788910860.390119 sending message 112 to peer 0x55cd8583e500 (10 bytes)
1788910860.390121 sending message 112 to peer 0x55cd8583e500 (10 bytes)
1788910860.390122 sending message 112 to peer 0x55cd8583e500 (10 bytes)
1788910860.390124 sending message 112 to peer 0x55cd8583e500 (11 bytes)
1788910860.390125 sending message 112 to peer 0x55cd8583e500 (12 bytes)
1788910860.390127 sending message 112 to peer 0x55cd8583e500 (12 bytes)
1788910860.390128 sending message 112 to peer 0x55cd8583e500 (12 bytes)
1788910860.390129 sending message 112 to peer 0x55cd8583e500 (12 bytes)
1788910860.390131 sending message 112 to peer 0x55cd8583e500 (12 bytes)
1788910860.390132 sending message 112 to peer 0x55cd8583e500 (11 bytes)
1788910860.390134 sending message 112 to peer 0x55cd8583e500 (11 bytes)
1788910860.390135 sending message 112 to peer 0x55cd8583e500 (12 bytes)
1788910860.390137 sending message 112 to peer 0x55cd8583e500 (12 bytes)
1788910860.390138 sending message 112 to peer 0x55cd8583e500 (12 bytes)
1788910860.390139 sending message 112 to peer 0x55cd8583e500 (12 bytes)
1788910860.390141 sending message 112 to peer 0x55cd8583e500 (12 bytes)
1788910860.390142 sending message 112 to peer 0x55cd8583e500 (9 bytes)
1788910860.390144 sending message 112 to peer 0x55cd8583e500 (12 bytes)
1788910860.390146 sending message 112 to peer 0x55cd8583e500 (13 bytes)
1788910860.390148 sending message 112 to peer 0x55cd8583e500 (13 bytes)
1788910860.390149 sending message 112 to peer 0x55cd8583e500 (13 bytes)
1788910860.390151 sending message 112 to peer 0x55cd8583e500 (13 bytes)
1788910860.390152 sending message 112 to peer 0x55cd8583e500 (13 bytes)
1788910860.390154 sending message 112 to peer 0x55cd8583e500 (8 bytes)
1788910860.390156 sending message 112 to peer 0x55cd8583e500 (11 bytes)
1788910860.390158 sending message 112 to peer 0x55cd8583e500 (11 bytes)
1788910860.390160 sending message 112 to peer 0x55cd8583e500 (11 bytes)
1788910860.390162 sending message 112 to peer 0x55cd8583e500 (12 bytes)
1788910860.390163 sending message 112 to peer 0x55cd8583e500 (12 bytes)
1788910860.390165 sending message 112 to peer 0x55cd8583e500 (12 bytes)
1788910860.390167 sending message 112 to peer 0x55cd8583e500 (12 bytes)
1788910860.390169 sending message 112 to peer 0x55cd8583e500 (13 bytes)
1788910860.390170 sending message 112 to peer 0x55cd8583e500 (13 bytes)
1788910860.390172 sending message 112 to peer 0x55cd8583e500 (13 bytes)
1788910860.390174 sending message 112 to peer 0x55cd8583e500 (8 bytes)
1788910860.390175 sending message 112 to peer 0x55cd8583e500 (13 bytes)
1788910860.390177 sending message 112 to peer 0x55cd8583e500 (13 bytes)
1788910860.390178 sending message 112 to peer 0x55cd8583e500 (13 bytes)
1788910860.390180 sending message 112 to peer 0x55cd8583e500 (13 bytes)
1788910860.390183 sending message 112 to peer 0x55cd8583e500 (13 bytes)
1788910860.390185 sending message 112 to peer 0x55cd8583e500 (12 bytes)
1788910860.390187 sending message 112 to peer 0x55cd8583e500 (12 bytes)
1788910860.390188 sending message 112 to peer 0x55cd8583e500 (12 bytes)
1788910860.390190 sending message 112 to peer 0x55cd8583e500 (12 bytes)
1788910860.390192 sending message 112 to peer 0x55cd8583e500 (13 bytes)
1788910860.390193 sending message 112 to peer 0x55cd8583e500 (8 bytes)
1788910860.390195 sending message 112 to peer 0x55cd8583e500 (13 bytes)
1788910860.390197 sending message 112 to peer 0x55cd8583e500 (13 bytes)
1788910860.390198 sending message 112 to peer 0x55cd8583e500 (13 bytes)
1788910860.390200 sending message 112 to peer 0x55cd8583e500 (13 bytes)
1788910860.390202 sending message 112 to peer 0x55cd8583e500 (13 bytes)
1788910860.390203 sending message 112 to peer 0x55cd8583e500 (13 bytes)
1788910860.390205 sending message 112 to peer 0x55cd8583e500 (13 bytes)
1788910860.390207 sending message 112 to peer 0x55cd8583e500 (12 bytes)
1788910860.390210 sending message 112 to peer 0x55cd8583e500 (12 bytes)
1788910860.390213 sending message 112 to peer 0x55cd8583e500 (12 bytes)
1788910860.390214 sending message 112 to peer 0x55cd8583e500 (8 bytes)
1788910860.390216 sending message 112 to peer 0x55cd8583e500 (12 bytes)
1788910860.390218 sending message 112 to peer 0x55cd8583e500 (13 bytes)
1788910860.390220 sending message 112 to peer 0x55cd8583e500 (13 bytes)
1788910860.390221 sending message 112 to peer 0x55cd8583e500 (13 bytes)
1788910860.390223 sending message 112 to peer 0x55cd8583e500 (13 bytes)
1788910860.390225 sending message 112 to peer 0x55cd8583e500 (13 bytes)
1788910860.390227 sending message 112 to peer 0x55cd8583e500 (13 bytes)
1788910860.390229 sending message 112 to peer 0x55cd8583e500 (13 bytes)
1788910860.390230 sending message 112 to peer 0x55cd8583e500 (13 bytes)
1788910860.390232 sending message 112 to peer 0x55cd8583e500 (12 bytes)
1788910860.390234 sending message 112 to peer 0x55cd8583e500 (10 bytes)
1788910860.390235 sending message 112 to peer 0x55cd8583e500 (12 bytes)
1788910860.390237 sending message 112 to peer 0x55cd8583e500 (12 bytes)
1788910860.390238 sending message 112 to peer 0x55cd8583e500 (12 bytes)
1788910860.390240 sending message 112 to peer 0x55cd8583e500 (13 bytes)
1788910860.390241 sending message 112 to peer 0x55cd8583e500 (13 bytes)
1788910860.390243 sending message 112 to peer 0x55cd8583e500 (13 bytes)
1788910860.390244 sending message 112 to peer 0x55cd8583e500 (13 bytes)
1788910860.390246 sending message 112 to peer 0x55cd8583e500 (13 bytes)
1788910860.390247 sending message 112 to peer 0x55cd8583e500 (13 bytes)
1788910860.390249 sending message 112 to peer 0x55cd8583e500 (13 bytes)
1788910860.390251 sending message 112 to peer 0x55cd8583e500 (10 bytes)
1788910860.390253 sending message 112 to peer 0x55cd8583e500 (13 bytes)
1788910860.390254 sending message 112 to peer 0x55cd8583e500 (12 bytes)
1788910860.390256 sending message 112 to peer 0x55cd8583e500 (12 bytes)
1788910860.390258 sending message 112 to peer 0x55cd8583e500 (12 bytes)
1788910860.390260 sending message 112 to peer 0x55cd8583e500 (10 bytes)
1788910860.390261 sending message 112 to peer 0x55cd8583e500 (10 bytes)
1788910860.390263 sending message 112 to peer 0x55cd8583e500 (10 bytes)
1788910860.390264 sending message 112 to peer 0x55cd8583e500 (12 bytes)
1788910860.390266 sending message 112 to peer 0x55cd8583e500 (13 bytes)
1788910860.390267 sending message 112 to peer 0x55cd8583e500 (13 bytes)
1788910860.390269 sending message 112 to peer 0x55cd8583e500 (13 bytes)
1788910860.390271 sending message 112 to peer 0x55cd8583e500 (13 bytes)
1788910860.390273 sending message 112 to peer 0x55cd8583e500 (13 bytes)
1788910860.390275 sending message 112 to peer 0x55cd8583e500 (10 bytes)
1788910860.390276 sending message 112 to peer 0x55cd8583e500 (11 bytes)
1788910860.390278 sending message 112 to peer 0x55cd8583e500 (12 bytes)
1788910860.390280 sending message 112 to peer 0x55cd8583e500 (12 bytes)
1788910860.390282 sending message 112 to peer 0x55cd8583e500 (12 bytes)
1788910860.390283 sending message 112 to peer 0x55cd8583e500 (12 bytes)
1788910860.390285 sending message 112 to peer 0x55cd8583e500 (12 bytes)
1788910860.390286 sending message 112 to peer 0x55cd8583e500 (11 bytes)
1788910860.390288 sending message 112 to peer 0x55cd8583e500 (12 bytes)
1788910860.390290 sending message 112 to peer 0x55cd8583e500 (12 bytes)
1788910860.390292 sending message 112 to peer 0x55cd8583e500 (13 bytes)
1788910860.390294 sending message 112 to peer 0x55cd8583e500 (13 bytes)
1788910860.390295 sending message 112 to peer 0x55cd8583e500 (13 bytes)
1788910860.390297 sending message 112 to peer 0x55cd8583e500 (13 bytes)
1788910860.390299 sending message 112 to peer 0x55cd8583e500 (13 bytes)
1788910860.390300 sending message 112 to peer 0x55cd8583e500 (10 bytes)
1788910860.390302 sending message 112 to peer 0x55cd8583e500 (9 bytes)
1788910860.390303 sending message 112 to peer 0x55cd8583e500 (12 bytes)
1788910860.390305 sending message 112 to peer 0x55cd8583e500 (13 bytes)
1788910860.390308 sending message 112 to peer 0x55cd8583e500 (13 bytes)
1788910860.390310 sending message 112 to peer 0x55cd8583e500 (13 bytes)
1788910860.390312 sending message 112 to peer 0x55cd8583e500 (13 bytes)
1788910860.390314 sending message 112 to peer 0x55cd8583e500 (13 bytes)
1788910860.390316 sending message 112 to peer 0x55cd8583e500 (9 bytes)
1788910860.390317 sending message 112 to peer 0x55cd8583e500 (12 bytes)
1788910860.390319 sending message 112 to peer 0x55cd8583e500 (13 bytes)
1788910860.390321 sending message 112 to peer 0x55cd8583e500 (13 bytes)
1788910860.390322 sending message 112 to peer 0x55cd8583e500 (13 bytes)
1788910860.390324 sending message 112 to peer 0x55cd8583e500 (13 bytes)
1788910860.390325 sending message 112 to peer 0x55cd8583e500 (13 bytes)
1788910860.390327 sending message 112 to peer 0x55cd8583e500 (11 bytes)
1788910860.390328 sending message 112 to peer 0x55cd8583e500 (12 bytes)
1788910860.390330 sending message 112 to peer 0x55cd8583e500 (13 bytes)
1788910860.390332 sending message 112 to peer 0x55cd8583e500 (13 bytes)
1788910860.390333 sending message 112 to peer 0x55cd8583e500 (13 bytes)
1788910860.390335 sending message 112 to peer 0x55cd8583e500 (13 bytes)
1788910860.390336 sending message 112 to peer 0x55cd8583e500 (13 bytes)
1788910860.390338 sending message 112 to peer 0x55cd8583e500 (11 bytes)
1788910860.390339 sending message 112 to peer 0x55cd8583e500 (12 bytes)
1788910860.390341 sending message 112 to peer 0x55cd8583e500 (12 bytes)
1788910860.390342 sending message 112 to peer 0x55cd8583e500 (12 bytes)
1788910860.390344 sending message 112 to peer 0x55cd8583e500 (12 bytes)
1788910860.390345 sending message 112 to peer 0x55cd8583e500 (12 bytes)
1788910860.390347 sending message 112 to peer 0x55cd8583e500 (21 bytes)
1788910860.390348 sending message 112 to peer 0x55cd8583e500 (12 bytes)
1788910860.390350 sending message 112 to peer 0x55cd8583e500 (9 bytes)
1788910860.390352 sending message 112 to peer 0x55cd8583e500 (6 bytes)
1788910860.390354 sending message 112 to peer 0x55cd8583e500 (13 bytes)
1788910860.390356 sending message 112 to peer 0x55cd8583e500 (10 bytes)
1788910860.390357 sending message 112 to peer 0x55cd8583e500 (24 bytes)
1788910860.390359 sending message 112 to peer 0x55cd8583e500 (13 bytes)
1788910860.390361 sending message 112 to peer 0x55cd8583e500 (9 bytes)
1788910860.390363 sending message 112 to peer 0x55cd8583e500 (70 bytes)
1788910860.390365 sending message 112 to peer 0x55cd8583e500 (69 bytes)
1788910860.390366 sending message 112 to peer 0x55cd8583e500 (12 bytes)
1788910860.390368 sending message 112 to peer 0x55cd8583e500 (10 bytes)
1788910860.390370 sending message 112 to peer 0x55cd8583e500 (10 bytes)
1788910860.390372 sending message 112 to peer 0x55cd8583e500 (24 bytes)
1788910860.390373 sending message 112 to peer 0x55cd8583e500 (13 bytes)
1788910860.390375 sending message 112 to peer 0x55cd8583e500 (10 bytes)
1788910860.390377 sending message 112 to peer 0x55cd8583e500 (10 bytes)
1788910860.390378 sending message 112 to peer 0x55cd8583e500 (17 bytes)
1788910860.390380 sending message 112 to peer 0x55cd8583e500 (10 bytes)
1788910860.390382 sending message 112 to peer 0x55cd8583e500 (13 bytes)
1788910860.390383 sending message 112 to peer 0x55cd8583e500 (9 bytes)
1788910860.390385 sending message 112 to peer 0x55cd8583e500 (15 bytes)
1788910860.390386 sending message 112 to peer 0x55cd8583e500 (5 bytes)
1788910860.390388 sending message 104 to peer 0x55cd8583e500 (0 bytes)
1788910860.390390 sending message 110 to peer 0x55cd8583e500 (0 bytes)
1788910860.390392 sending message 107 to peer 0x55cd8583e500 (4 bytes)
1788910860.390394 sending message 105 to peer 0x55cd8583e500 (15 bytes)
1788910860.390396 sending message 105 to peer 0x55cd8583e500 (51 bytes)
1788910860.390398 sending message 105 to peer 0x55cd8583e500 (75 bytes)
1788910860.390399 sending message 105 to peer 0x55cd8583e500 (15 bytes)
1788910860.390401 sending message 105 to peer 0x55cd8583e500 (16 bytes)
1788910860.390403 sending message 105 to peer 0x55cd8583e500 (16 bytes)
1788910860.390406 sending message 105 to peer 0x55cd8583e500 (25 bytes)
1788910860.390408 sending message 105 to peer 0x55cd8583e500 (23 bytes)
1788910860.390410 sending message 105 to peer 0x55cd8583e500 (15 bytes)
1788910860.390411 sending message 105 to peer 0x55cd8583e500 (24 bytes)
1788910860.390413 sending message 105 to peer 0x55cd8583e500 (24 bytes)
1788910860.390415 sending message 105 to peer 0x55cd8583e500 (38 bytes)
1788910860.390416 sending message 105 to peer 0x55cd8583e500 (15 bytes)
1788910860.390418 sending message 105 to peer 0x55cd8583e500 (34 bytes)
1788910860.390420 sending message 105 to peer 0x55cd8583e500 (20 bytes)
1788910860.390422 sending message 105 to peer 0x55cd8583e500 (54 bytes)
1788910860.390423 sending message 105 to peer 0x55cd8583e500 (47 bytes)
1788910860.390425 sending message 105 to peer 0x55cd8583e500 (26 bytes)
1788910860.390426 sending message 105 to peer 0x55cd8583e500 (27 bytes)
1788910860.390440 sending message 105 to peer 0x55cd8583e500 (23 bytes)
1788910860.390442 sending message 105 to peer 0x55cd8583e500 (30 bytes)
1788910860.390443 sending message 105 to peer 0x55cd8583e500 (17 bytes)
1788910860.390445 sending message 105 to peer 0x55cd8583e500 (24 bytes)
1788910860.390447 sending message 105 to peer 0x55cd8583e500 (29 bytes)
1788910860.390449 sending message 105 to peer 0x55cd8583e500 (81 bytes)
1788910860.390450 sending message 105 to peer 0x55cd8583e500 (32 bytes)
1788910860.390452 sending message 105 to peer 0x55cd8583e500 (125 bytes)
1788910860.390454 sending message 105 to peer 0x55cd8583e500 (20 bytes)
1788910860.390456 sending message 105 to peer 0x55cd8583e500 (21 bytes)
1788910860.390458 sending message 105 to peer 0x55cd8583e500 (31 bytes)
1788910860.390460 sending message 105 to peer 0x55cd8583e500 (14 bytes)
1788910860.390461 sending message 105 to peer 0x55cd8583e500 (39 bytes)
1788910860.390463 sending message 105 to peer 0x55cd8583e500 (19 bytes)
1788910860.390465 sending message 105 to peer 0x55cd8583e500 (29 bytes)
1788910860.390467 sending message 105 to peer 0x55cd8583e500 (13 bytes)
1788910860.390468 sending message 105 to peer 0x55cd8583e500 (11 bytes)
1788910860.390470 sending message 105 to peer 0x55cd8583e500 (16 bytes)
1788910860.390472 sending message 105 to peer 0x55cd8583e500 (24 bytes)
1788910860.390474 sending message 105 to peer 0x55cd8583e500 (25 bytes)
1788910860.390476 sending message 105 to peer 0x55cd8583e500 (8 bytes)
1788910860.390477 sending message 105 to peer 0x55cd8583e500 (52 bytes)
1788910860.390479 sending message 105 to peer 0x55cd8583e500 (58 bytes)
1788910860.390481 sending message 105 to peer 0x55cd8583e500 (27 bytes)
1788910860.390482 sending message 105 to peer 0x55cd8583e500 (26 bytes)
1788910860.390484 sending message 105 to peer 0x55cd8583e500 (23 bytes)
1788910860.390486 sending message 105 to peer 0x55cd8583e500 (35 bytes)
1788910860.390487 sending message 105 to peer 0x55cd8583e500 (21 bytes)
1788910860.390489 sending message 105 to peer 0x55cd8583e500 (20 bytes)
1788910860.390491 sending message 105 to peer 0x55cd8583e500 (25 bytes)
1788910860.390492 sending message 105 to peer 0x55cd8583e500 (11 bytes)
1788910860.390494 sending message 105 to peer 0x55cd8583e500 (63 bytes)
1788910860.390495 sending message 105 to peer 0x55cd8583e500 (26 bytes)
1788910860.390497 sending message 105 to peer 0x55cd8583e500 (31 bytes)
1788910860.390499 sending message 105 to peer 0x55cd8583e500 (25 bytes)
1788910860.390501 sending message 105 to peer 0x55cd8583e500 (20 bytes)
1788910860.390502 sending message 105 to peer 0x55cd8583e500 (41 bytes)
1788910860.390504 sending message 105 to peer 0x55cd8583e500 (17 bytes)
1788910860.390506 sending message 105 to peer 0x55cd8583e500 (197 bytes)
1788910860.390508 sending message 105 to peer 0x55cd8583e500 (74 bytes)
1788910860.390509 sending message 105 to peer 0x55cd8583e500 (21 bytes)
1788910860.390511 sending message 105 to peer 0x55cd8583e500 (51 bytes)
1788910860.390512 sending message 106 to peer 0x55cd8583e500 (0 bytes)
1788910860.390536 sending message 200 to peer 0x55cd8583e500 (4 bytes)
1788910860.390540 client loop enter
1788910860.390548 client_signal: Child exited
1788910860.420925 peer 0x55cd8583e500 message 207
1788910860.420932 sending message 208 to peer 0x55cd8583e500 (0 bytes)
1788910863.269098 peer 0x55cd8583e500 message 203
1788910863.269105 sending message 205 to peer 0x55cd8583e500 (0 bytes)
1788910863.269182 peer 0x55cd8583e500 message 204
1788910863.269184 client loop exit
